Prova de recursivitat amb factorial:

Factorial de 5: 
120

Prova de recursivitat amb fibonacci:

Fibonacci de 6: 
8

Prova de recursivitat amb suma-llista:

Suma de '(1 2 3 4 5): 
15

Totes les proves de recursivitat han finalitzat!

